                                 enable  prepare  protect                                duty  hardware
   clock                          count    count    count        rate   accuracy phase  cycle    enable
-------------------------------------------------------------------------------------------------------
 clkin2_0                             0        0        0           0          0     0  50000         Y
 clkin1_0                             0        0        0           0          0     0  50000         Y
 si570_mgt                            0        0        0   156249999          0     0  50000         Y
 si570_user                           0        0        0   299999999          0     0  50000         Y
 refhdmi                              1        1        0   114285000          0     0  50000         Y
    xtal_0                            0        0        0   114285000          0     0  50000         Y
       pll_0                          0        0        0 40731174000000          0     0  50000         Y
          clk1_0                      0        0        0    27000000          0     0  50000         Y
          clk0_0                      0        0        0    27000000          0     0  50000         Y
 ref48M                               2        2        0    48000000          0     0  50000         Y
    si5341                            3        4        0    14000000          0     0  50000         Y
       clock-generator.N4             0        0        0           0          0     0  50000         Y
       clock-generator.N3             0        1        0   733260000          0     0  50000         Y
          clock-generator.9           0        1        0    33330000          0     0  50000         Y
       clock-generator.N2             1        1        0   104000000          0     0  50000         Y
          clock-generator.2           1        2        0    26000000          0     0  50000         Y
       clock-generator.N1             1        2        0   594000000          0     0  50000         Y
          clock-generator.7           0        1        0    74250000          0     0  50000         Y
          clock-generator.0           1        2        0    27000000          0     0  50000         Y
       clock-generator.N0             2        4        0  1000000000          0     0  50000         Y
          clock-generator.8           0        0        0           0          0     0  50000         Y
          clock-generator.6           0        1        0   125000000          0     0  50000         Y
          clock-generator.5           1        2        0   100000000          0     0  50000         Y
          clock-generator.4           0        1        0   100000000          0     0  50000         Y
          clock-generator.3           1        2        0   125000000          0     0  50000         Y
          clock-generator.1           0        0        0           0          0     0  50000         Y
 dp_aclk                              1        1        0   100000000        100     0  50000         Y
 aux_ref_clk                          0        0        0    27000000          0     0  50000         Y
 gt_crx_ref_clk                       0        0        0   108000000          0     0  50000         Y
 pss_alt_ref_clk                      0        0        0           0          0     0  50000         Y
 video_clk                            0        0        0    33333000          0     0  50000         Y
 pss_ref_clk                          3        3        3    33330000          0     0  50000         Y
    vpll_post_src                     0        0        0    33330000          0     0  50000         Y
    vpll_pre_src                      0        0        0    33330000          0     0  50000         Y
       vpll_int                       0        0        0  2366430000          0     0  50000         N
          vpll_half                   0        0        0  1183215000          0     0  50000         Y
             vpll_int_mux             0        0        0  1183215000          0     0  50000         Y
                vpll                  0        0        0  1183215000          0     0  50000         Y
                   dp_video_ref_mux       0        0        0  1183215000          0     0  50000         Y
                      dp_video_ref_div1       0        0        0   295803750          0     0  50000         Y
                         dp_video_ref_div2       0        0        0   295803750          0     0  50000         Y
                            dp_video_ref       0        0        0   295803750          0     0  50000         N
                   vpll_to_lpd        0        0        0   394405000          0     0  50000         Y
    dpll_post_src                     0        0        0    33330000          0     0  50000         Y
    dpll_pre_src                      0        0        0    33330000          0     0  50000         Y
       dpll_int                       0        0        0  2133120000          0     0  50000         Y
          dpll_half                   0        0        0  1066560000          0     0  50000         Y
             dpll_int_mux             0        0        0  1066560000          0     0  50000         Y
                dpll                  0        0        0  1066560000          0     0  50000         Y
                   dpll_to_lpd        0        0        0   355520000          0     0  50000         Y
    apll_post_src                     0        0        0    33330000          0     0  50000         Y
    apll_pre_src                      1        1        1    33330000          0     0  50000         Y
       apll_int                       1        1        1  2399760000          0     0  50000         Y
          apll_half                   1        1        1  1199880000          0     0  50000         Y
             apll_int_mux             1        1        1  1199880000          0     0  50000         Y
                apll                  1        1        1  1199880000          0     0  50000         Y
                   dpdma_ref_mux       1        1        1  1199880000          0     0  50000         Y
                      dpdma_ref_div1       1        1        1   599940000          0     0  50000         Y
                         dpdma_ref       1        1        1   599940000          0     0  50000         Y
                   gdma_ref_mux       0        0        0  1199880000          0     0  50000         Y
                      gdma_ref_div1       0        0        0   599940000          0     0  50000         Y
                         gdma_ref       0        0        0   599940000          0     0  50000         N
                   acpu_mux           0        0        0  1199880000          0     0  50000         Y
                      acpu            0        0        0  1199880000          0     0  50000         Y
    rpll_post_src                     0        0        0    33330000          0     0  50000         Y
    rpll_pre_src                      1        1        1    33330000          0     0  50000         Y
       rpll_int                       1        1        1  2303078283          0     0  50000         Y
          rpll_half                   1        1        1  1151539141          0     0  50000         Y
             rpll_int_mux             1        1        1  1151539141          0     0  50000         Y
                rpll                  1        1        1  1151539141          0     0  50000         Y
                   rpll_to_fpd        1        1        1    22579199          0     0  50000         Y
                      dp_stc_ref_mux       0        0        0    22579199          0     0  50000         Y
                         dp_stc_ref_div1       0        0        0     1505280          0     0  50000         Y
                            dp_stc_ref_div2       0        0        0     1505280          0     0  50000         Y
                               dp_stc_ref       0        0        0     1505280          0     0  50000         N
                      dp_audio_ref_mux       1        1        1    22579199          0     0  50000         Y
                         dp_audio_ref_div1       1        1        1    22579199          0     0  50000         Y
                            dp_audio_ref_div2       1        1        1    22579199          0     0  50000         Y
                               dp_audio_ref       1        1        1    22579199          0     0  50000         Y
    iopll_post_src                    0        0        0    33330000          0     0  50000         Y
    iopll_pre_src                     1        1        1    33330000          0     0  50000         Y
       iopll_int                      1        1        1  1499850000          0     0  50000         Y
          iopll_int_mux               1        1        1  1499850000          0     0  50000         Y
             iopll                   14       17       11  1499850000          0     0  50000         Y
                gem3_ref_ung_mux       1        1        0  1499850000          0     0  50000         Y
                   gem3_ref_ung_div1       1        1        0  1499850000          0     0  50000         Y
                      gem3_ref_ung       1        1        0   124987500          0     0  50000         Y
                         gem3_ref       2        2        0   124987500          0     0  50000         Y
                            gem3_tx       1        1        0   124987500          0     0  50000         Y
                gem2_ref_ung_mux       0        0        0  1499850000          0     0  50000         Y
                   gem2_ref_ung_div1       0        0        0    62493750          0     0  50000         Y
                      gem2_ref_ung       0        0        0    62493750          0     0  50000         Y
                         gem2_ref       0        0        0    62493750          0     0  50000         Y
                            gem2_tx       0        0        0    62493750          0     0  50000         Y
                gem1_ref_ung_mux       0        0        0  1499850000          0     0  50000         Y
                   gem1_ref_ung_div1       0        0        0    62493750          0     0  50000         Y
                      gem1_ref_ung       0        0        0    62493750          0     0  50000         Y
                         gem1_ref       0        0        0    62493750          0     0  50000         Y
                            gem1_tx       0        0        0    62493750          0     0  50000         Y
                gem0_ref_ung_mux       0        0        0  1499850000          0     0  50000         Y
                   gem0_ref_ung_div1       0        0        0    62493750          0     0  50000         Y
                      gem0_ref_ung       0        0        0    62493750          0     0  50000         Y
                         gem0_ref       0        0        0    62493750          0     0  50000         Y
                            gem0_tx       0        0        0    62493750          0     0  50000         Y
                pl3_ref_mux           1        1        0  1499850000          0     0  50000         Y
                   pl3_ref_div1       1        1        0   374962500          0     0  50000         Y
                      pl3_ref_div2       1        1        0   374962500          0     0  50000         Y
                         pl3_ref       1        1        0   374962500          0     0  50000         Y
                pl2_ref_mux           1        1        0  1499850000          0     0  50000         Y
                   pl2_ref_div1       1        1        0   299970000          0     0  50000         Y
                      pl2_ref_div2       1        1        0   299970000          0     0  50000         Y
                         pl2_ref       1        1        0   299970000          0     0  50000         Y
                pl1_ref_mux           1        1        0  1499850000          0     0  50000         Y
                   pl1_ref_div1       1        1        0    99990000          0     0  50000         Y
                      pl1_ref_div2       1        1        0    24997500          0     0  50000         Y
                         pl1_ref       1        1        0    24997500          0     0  50000         Y
                pl0_ref_mux           1        1        0  1499850000          0     0  50000         Y
                   pl0_ref_div1       1        1        0  1499850000          0     0  50000         Y
                      pl0_ref_div2       1        1        0   299970000          0     0  50000         Y
                         pl0_ref       1        1        0   299970000          0     0  50000         Y
                ams_ref_mux           1        1        1  1499850000          0     0  50000         Y
                   ams_ref_div1       1        1        1    51718966          0     0  50000         Y
                      ams_ref_div2       1        1        1    51718966          0     0  50000         Y
                         ams_ref       1        1        1    51718966          0     0  50000         Y
                adma_ref_mux          0        0        0  1499850000          0     0  50000         Y
                   adma_ref_div1       0        0        0   499950000          0     0  50000         Y
                      adma_ref        0        0        0   499950000          0     0  50000         N
                can1_ref_mux          0        0        0  1499850000          0     0  50000         Y
                   can1_ref_div1       0        0        0    99990000          0     0  50000         Y
                      can1_ref_div2       0        0        0    99990000          0     0  50000         Y
                         can1_ref       0        0        0    99990000          0     0  50000         N
                            can1       0        0        0    99990000          0     0  50000         Y
                can0_ref_mux          0        0        0  1499850000          0     0  50000         Y
                   can0_ref_div1       0        0        0    46870313          0     0  50000         Y
                      can0_ref_div2       0        0        0    46870313          0     0  50000         Y
                         can0_ref       0        0        0    46870313          0     0  50000         Y
                            can0       0        0        0    46870313          0     0  50000         Y
                i2c1_ref_mux          0        1        1  1499850000          0     0  50000         Y
                   i2c1_ref_div1       0        1        1    99990000          0     0  50000         Y
                      i2c1_ref_div2       0        1        1    99990000          0     0  50000         Y
                         i2c1_ref       0        1        1    99990000          0     0  50000         N
                i2c0_ref_mux          0        1        1  1499850000          0     0  50000         Y
                   i2c0_ref_div1       0        1        1    99990000          0     0  50000         Y
                      i2c0_ref_div2       0        1        1    99990000          0     0  50000         Y
                         i2c0_ref       0        1        1    99990000          0     0  50000         N
                nand_ref_mux          0        0        0  1499850000          0     0  50000         Y
                   nand_ref_div1       0        0        0    46870313          0     0  50000         Y
                      nand_ref_div2       0        0        0     9374063          0     0  50000         Y
                         nand_ref       0        0        0     9374063          0     0  50000         N
                spi1_ref_mux          0        0        0  1499850000          0     0  50000         Y
                   spi1_ref_div1       0        0        0    62493750          0     0  50000         Y
                      spi1_ref_div2       0        0        0    62493750          0     0  50000         Y
                         spi1_ref       0        0        0    62493750          0     0  50000         Y
                spi0_ref_mux          0        0        0  1499850000          0     0  50000         Y
                   spi0_ref_div1       0        0        0    62493750          0     0  50000         Y
                      spi0_ref_div2       0        0        0    62493750          0     0  50000         Y
                         spi0_ref       0        0        0    62493750          0     0  50000         Y
                uart1_ref_mux         0        1        1  1499850000          0     0  50000         Y
                   uart1_ref_div1       0        1        1    99990000          0     0  50000         Y
                      uart1_ref_div2       0        1        1    99990000          0     0  50000         Y
                         uart1_ref       0        1        1    99990000          0     0  50000         N
                uart0_ref_mux         1        1        1  1499850000          0     0  50000         Y
                   uart0_ref_div1       1        1        1    99990000          0     0  50000         Y
                      uart0_ref_div2       1        1        1    99990000          0     0  50000         Y
                         uart0_ref       1        1        1    99990000          0     0  50000         Y
                sdio1_ref_mux         1        1        1  1499850000          0     0  50000         Y
                   sdio1_ref_div1       1        1        1  1499850000          0     0  50000         Y
                      sdio1_ref_div2       1        1        1   187481250          0     0  50000         Y
                         sdio1_ref       1        1        1   187481250          0     0  50000         Y
                            clk_in_sd1       0        0        0    50000000          0     0  50000         Y
                            clk_out_sd1       0        0        0    50000000          0     0  50000         Y
                sdio0_ref_mux         0        0        0  1499850000          0     0  50000         Y
                   sdio0_ref_div1       0        0        0    99990000          0     0  50000         Y
                      sdio0_ref_div2       0        0        0    99990000          0     0  50000         Y
                         sdio0_ref       0        0        0    99990000          0     0  50000         Y
                qspi_ref_mux          1        1        1  1499850000          0     0  50000         Y
                   qspi_ref_div1       1        1        1   124987500          0     0  50000         Y
                      qspi_ref_div2       1        1        1   124987500          0     0  50000         Y
                         qspi_ref       2        1        1   124987500          0     0  50000         Y
                gem_tsu_ref_mux       1        1        1  1499850000          0     0  50000         Y
                   gem_tsu_ref_div1       1        1        1   249975000          0     0  50000         Y
                      gem_tsu_ref_div2       1        1        1   249975000          0     0  50000         Y
                         gem_tsu_ref       1        1        1   249975000          0     0  50000         Y
                            gem_tsu       1        1        0   249975000          0     0  50000         Y
                usb3_dual_ref_mux       1        1        1  1499850000          0     0  50000         Y
                   usb3_dual_ref_div1       1        1        1   299970000          0     0  50000         Y
                      usb3_dual_ref_div2       1        1        1    19998000          0     0  50000         Y
                         usb3_dual_ref       1        1        1    19998000          0     0  50000         Y
                usb1_bus_ref_mux       0        0        0  1499850000          0     0  50000         Y
                   usb1_bus_ref_div1       0        0        0   124987500          0     0  50000         Y
                      usb1_bus_ref_div2       0        0        0   124987500          0     0  50000         Y
                         usb1_bus_ref       0        0        0   124987500          0     0  50000         N
                usb0_bus_ref_mux       1        1        1  1499850000          0     0  50000         Y
                   usb0_bus_ref_div1       1        1        1   249975000          0     0  50000         Y
                      usb0_bus_ref_div2       1        1        1   249975000          0     0  50000         Y
                         usb0_bus_ref       1        1        1   249975000          0     0  50000         Y
                lpd_lsbus_mux         1        1        0  1499850000          0     0  50000         Y
                   lpd_lsbus_div1       1        1        0    99990000          0     0  50000         Y
                      lpd_lsbus       9        9        0    99990000          0     0  50000         Y
                         lpd_wdt       1        1        0    99990000          0     0  50000         Y
                iopll_to_fpd          3        3        2   499950000          0     0  50000         Y
                   topsw_lsbus_mux       1        1        0   499950000          0     0  50000         Y
                      topsw_lsbus_div1       1        1        0    99990000          0     0  50000         Y
                         topsw_lsbus       3        3        0    99990000          0     0  50000         Y
                            fpd_wdt       1        1        0    99990000          0     0  50000         Y
                   gpu_ref_mux        0        0        0   499950000          0     0  50000         Y
                      gpu_ref_div1       0        0        0   499950000          0     0  50000         Y
                         gpu_ref       0        0        0   499950000          0     0  50000         N
                            gpu_pp1_ref       0        0        0   499950000          0     0  50000         N
                            gpu_pp0_ref       0        0        0   499950000          0     0  50000         N
                   pcie_ref_mux       1        1        1   499950000          0     0  50000         Y
                      pcie_ref_div1       1        1        1   249975000          0     0  50000         Y
                         pcie_ref       1        1        1   249975000          0     0  50000         Y
                   sata_ref_mux       1        1        1   499950000          0     0  50000         Y
                      sata_ref_div1       1        1        1   249975000          0     0  50000         Y
                         sata_ref       1        1        1   249975000          0     0  50000         Y
          iopll_half                  0        0        0   749925000          0     0  50000         Y
 can1_mio                             0        0        0           0          0     0  50000         Y
 can0_mio                             0        0        0           0          0     0  50000         Y
 gem3_rx                              1        1        0           0          0     0  50000         Y
 gem2_rx                              0        0        0           0          0     0  50000         N
 gem1_rx                              0        0        0           0          0     0  50000         N
 gem0_rx                              0        0        0           0          0     0  50000         N
10-0069
2-0040
2-0041
2-0042
2-0043
2-0044
2-0045
2-0046
2-0047
2-004a
2-004b
3-0040
3-0041
3-0042
3-0043
3-0044
3-0045
3-0046
3-0047
7-0036
8-005d
9-005d
dummy-dp_aud@fd4ac000
remove from slot 0 returns: 0 (Ok)
mqnic: loaded to slot 0
