#-----------------------------------------------------------
# xsim v2025.2 (64-bit)
# SW Build 6299465 on Fri Nov 14 12:34:56 MST 2025
# IP Build 6300035 on Fri Nov 14 10:48:45 MST 2025
# SharedData Build 6298862 on Thu Nov 13 04:50:51 MST 2025
# Start of session at: Thu Sep 10 21:34:02 2026
# Process ID         : 425519
# Current directory  : ~/Desktop/SFP/进程间计算/reports/backpressure_20260910/rtl
# Command line       : xsim -mode tcl -source {xsim.dir/s1024d32768/xsim_script.tcl}
# Log file           : ~/Desktop/SFP/进程间计算/reports/backpressure_20260910/rtl/xsim.log
# Journal file       : ~/Desktop/SFP/进程间计算/reports/backpressure_20260910/rtl/xsim.jou
# Running On         : antl
# Platform           : Ubuntu
# Operating System   : Ubuntu 22.04.5 LTS
# Processor Detail   : Intel(R) Core(TM) i7-10700 CPU @ 2.90GHz
# CPU Frequency      : 4600.546 MHz
# CPU Physical cores : 8
# CPU Logical cores  : 16
# Host memory        : 33476 MB
# Swap memory        : 2147 MB
# Total Virtual      : 35624 MB
# Available Virtual  : 21169 MB
#-----------------------------------------------------------
source xsim.dir/s1024d32768/xsim_script.tcl
# xsim {s1024d32768} -testplusarg PAUSE=120 -testplusarg SKEW=0 -autoloadwcfg -runall
Time resolution is 1 ps
run -all
FIFO port=0 high_bytes=8408 frames=64 overflows=0 first_ns=7427.200 last_ns=537744.000
FIFO port=1 high_bytes=8408 frames=64 overflows=0 first_ns=7427.200 last_ns=537744.000
FIFO port=2 high_bytes=8408 frames=64 overflows=0 first_ns=7427.200 last_ns=537744.000
FIFO port=3 high_bytes=32768 frames=64 overflows=0 first_ns=7427.200 last_ns=557296.000
AGG slots=1024 depth=32768 pause_us=120 skew_us=0 stalls=80093 max_stall_cycles=29873 max_occupied=16 drops=00000000000000000000000000000000 expired=0
$finish called at time : 866878341 ps : File "~/Desktop/SFP/进程间计算/reports/backpressure_20260910/rtl/top.sv" Line 44
exit
INFO: xsimkernel Simulation Memory Usage: 288876 KB (Peak: 345440 KB), Simulation CPU Usage: 3800 ms
INFO: [Common 17-206] Exiting xsim at Thu Sep 10 21:34:08 2026...
